#-----------------------------------------------------------
# Vivado v2019.1 (64-bit)
# SW Build 2552052 on Fri May 24 14:49:42 MDT 2019
# IP Build 2548770 on Fri May 24 18:01:18 MDT 2019
# Start of session at: Sat Dec  5 18:08:14 2020
# Process ID: 14756
# Current directory: C:/Users/USER/Desktop/git/SME_parallel/vivado_project
# Command line: vivado.exe -gui_launcher_event rodinguilauncherevent12696 C:\Users\USER\Desktop\git\SME_parallel\vivado_project\SME_parallel.xpr
# Log file: C:/Users/USER/Desktop/git/SME_parallel/vivado_project/vivado.log
# Journal file: C:/Users/USER/Desktop/git/SME_parallel/vivado_project\vivado.jou
#-----------------------------------------------------------
start_gui
open_project C:/Users/USER/Desktop/git/SME_parallel/vivado_project/SME_parallel.xpr
update_compile_order -fileset sources_1
add_files -norecurse C:/Users/USER/Desktop/git/SME_parallel/src/DP_FailFunc.v
update_compile_order -fileset sources_1
launch_simulation
launch_simulation
launch_simulation
launch_simulation
launch_simulation
launch_simulation
launch_simulation
launch_simulation
launch_simulation
source testfixture.tcl
relaunch_sim
relaunch_sim
relaunch_sim
relaunch_sim
relaunch_sim
relaunch_sim
add_wave {{/testfixture/u_SME/s1/dp1}} 
relaunch_sim
relaunch_sim
relaunch_sim
relaunch_sim
close_sim
